// Jest Snapshot v1, https://goo.gl/fbAQLP

exports[`<Button> component renders correctly 1`] = `
<div
  className="buttonContainer"
  style={
    Object {
      "display": "none",
    }
  }
>
  <div
    className="button"
  >
    COMPARE
  </div>
  <div
    className="button"
  >
    NEXT
  </div>
</div>
`;

exports[`enzyme context snapshot for <Card> should render children for snapshot 1`] = `ShallowWrapper {}`;
